// Jest Snapshot v1, https://goo.gl/fbAQLP

exports[`works 1`] = `
"export interface Dog {
  name: string;
  breed: string;
  age?: number;
}
export interface Cat {
  name: string;
  color: string;
  age?: number;
}
export interface Person {
  firstName?: string;
  lastName: string;
  age: number;
  dogs: Dog[];
  cats: Cat[];
}"
`;
